// Jest Snapshot v1, https://goo.gl/fbAQLP

exports[`CartCard sample 1`] = `[Function]`;
